=== MAIN PROJECTION (TrialConv: 15%, Churn: 5%) ===
| Mês | Base Final | MRR | Meta Spend | Google Maintenance | Trial Cost Total | Blended CAC | Paid Acq | Org Acq | Known Churn | Exp. Churn | Rollover |
|---|---|---|---|---|---|---|---|---|---|---|---|
| M1 | 26.70 (27) | R$ 4640.00 | R$ 300.00 | R$ 2589.21 | R$ 595.22 | R$ 447.61 | +2 | +0 | -3 | -1.30 | R$ 130.17 |
| M2 | 27.36 (27) | R$ 4272.00 | R$ 300.00 | R$ 2383.86 | R$ 595.22 | R$ 447.61 | +2 | +0 | -0 | -1.33 | R$ 179.02 |
| M3 | 28.00 (28) | R$ 4378.40 | R$ 300.00 | R$ 2443.23 | R$ 595.22 | R$ 447.61 | +2 | +0 | -0 | -1.37 | R$ 251.39 |
| M4 | 28.60 (29) | R$ 4479.48 | R$ 300.00 | R$ 2499.64 | R$ 595.22 | R$ 447.61 | +2 | +0 | -0 | -1.40 | R$ 346.09 |
| M5 | 30.17 (30) | R$ 4575.51 | R$ 450.00 | R$ 2553.22 | R$ 892.83 | R$ 447.61 | +3 | +0 | -0 | -1.43 | R$ 14.40 |
| M6 | 30.66 (31) | R$ 4826.73 | R$ 300.00 | R$ 2693.41 | R$ 595.22 | R$ 447.61 | +2 | +0 | -0 | -1.51 | R$ 185.84 |
| M7 | 31.13 (31) | R$ 4905.39 | R$ 300.00 | R$ 2737.31 | R$ 595.22 | R$ 447.61 | +2 | +0 | -0 | -1.53 | R$ 374.66 |
| M8 | 32.57 (33) | R$ 4980.12 | R$ 450.00 | R$ 2779.01 | R$ 892.83 | R$ 447.61 | +3 | +0 | -0 | -1.56 | R$ 132.39 |
| M9 | 32.94 (33) | R$ 5211.12 | R$ 300.00 | R$ 2907.91 | R$ 595.22 | R$ 447.61 | +2 | +0 | -0 | -1.63 | R$ 388.78 |
| M10 | 34.29 (34) | R$ 5270.56 | R$ 450.00 | R$ 2941.08 | R$ 892.83 | R$ 447.61 | +3 | +0 | -0 | -1.65 | R$ 210.69 |
| M11 | 35.58 (36) | R$ 5487.03 | R$ 450.00 | R$ 3061.87 | R$ 892.83 | R$ 447.61 | +3 | +0 | -0 | -1.71 | R$ 80.44 |
| M12 | 35.80 (36) | R$ 5692.68 | R$ 300.00 | R$ 3176.63 | R$ 595.22 | R$ 447.61 | +2 | +0 | -0 | -1.78 | R$ 443.25 |

=== SENSITIVITY MATRIX ===
| Trial Conv \ Churn | 2% Churn | 5% Churn | 8% Churn |
|---|---|---|---|
| 10% | Base: 41 (R$ 6252) | Base: 29 (R$ 4509) | Base: 20 (R$ 3290) |
| 15% | Base: 51 (R$ 7732) | Base: 36 (R$ 5693) | Base: 25 (R$ 4064) |
| 20% | Base: 62 (R$ 9062) | Base: 43 (R$ 6753) | Base: 31 (R$ 4891) |
