◇ injected env (0) from .env // tip: ⌘ suppress logs { quiet: true }
◇ injected env (33) from ../.env // tip: ⌁ auth for agents [www.vestauth.com]
◇ injected env (0) from .env // tip: ⌘ suppress logs { quiet: true }
[2026-08-09 22:52:52] DEBUG Creating transport: nodemailer (7.0.13; +https://nodemailer.com/; SMTP/7.0.13[client:7.0.13])
◇ injected env (0) from ../.env // tip: ⌘ suppress logs { quiet: true }
🚀 [FAST BOOT] Servidor ouvindo na porta 3001 (Inicializando conexões...)
Executing (default): SELECT 1+1 AS result
Executing (default): CREATE TEMP TABLE IF NOT EXISTS _startup_check (id serial);
Executing (default): DROP TABLE IF EXISTS _startup_check;
✅ [DB CONNECTION] Conexão de escrita estabelecida com sucesso.
🛠️ [DB FIX] Injetando colunas faltantes nas tabelas...
Executing (default): ALTER TABLE "Psychologists" ADD COLUMN IF NOT EXISTS "ai_insights_cache" JSONB DEFAULT NULL;
Executing (default): ALTER TABLE "Psychologists" ADD COLUMN IF NOT EXISTS "subscribedAt" TIMESTAMP WITH TIME ZONE;
🛠️ [DB FIX] Backfill de data de assinatura para pagantes legados...
Executing (default): UPDATE "Psychologists" SET "subscribedAt" = "createdAt" + interval '14 days' WHERE "subscription_payments_count" > 0 AND "subscribedAt" IS NULL;
Executing (default): ALTER TABLE "Psychologists" ADD COLUMN IF NOT EXISTS "admin_billing_sent_at" TIMESTAMP WITH TIME ZONE;
Executing (default): ALTER TABLE "Patients" ADD COLUMN IF NOT EXISTS "modalidade_preferida" VARCHAR(255);
Executing (default): ALTER TABLE "Patients" ADD COLUMN IF NOT EXISTS "psychologistId" INTEGER;
Executing (default): ALTER TABLE "Patients" ADD COLUMN IF NOT EXISTS "recebe_mensagens" BOOLEAN DEFAULT true;
Executing (default): ALTER TABLE "Patients" ADD COLUMN IF NOT EXISTS "deletedAt" TIMESTAMP WITH TIME ZONE;
Executing (default): ALTER TABLE "Patients" ADD COLUMN IF NOT EXISTS "faixa_etaria" VARCHAR(255);
Executing (default): ALTER TABLE "Patients" ADD COLUMN IF NOT EXISTS "idade" VARCHAR(255);
Executing (default): ALTER TABLE "Patients" ADD COLUMN IF NOT EXISTS "identidade_genero" VARCHAR(255);
🛠️ [DB FIX] Injetando coluna isProfileAnalyzed na tabela Psychologists...
Executing (default): ALTER TABLE "Psychologists" ADD COLUMN IF NOT EXISTS "isProfileAnalyzed" BOOLEAN DEFAULT false;
Executing (default): ALTER TABLE "Psychologists" ADD COLUMN IF NOT EXISTS "msg_incomplete_profile_sent_at" TIMESTAMP WITH TIME ZONE;
Executing (default): ALTER TABLE "Psychologists" ADD COLUMN IF NOT EXISTS "msg_analysis_sent_at" TIMESTAMP WITH TIME ZONE;
Executing (default): ALTER TABLE "Psychologists" ADD COLUMN IF NOT EXISTS "msg_feedback_billing_sent_at" TIMESTAMP WITH TIME ZONE;
Executing (default): ALTER TABLE "Psychologists" ADD COLUMN IF NOT EXISTS "msg_churn_followup_sent_at" TIMESTAMP WITH TIME ZONE;
🛠️ [DB FIX] Injetando coluna utm_content nas tabelas...
Executing (default): ALTER TABLE "Psychologists" ADD COLUMN IF NOT EXISTS "utm_content" VARCHAR(255);
Executing (default): ALTER TABLE "Psychologists" ADD COLUMN IF NOT EXISTS "aiOptimizationHistory" JSONB DEFAULT NULL;
Executing (default): ALTER TABLE "Patients" ADD COLUMN IF NOT EXISTS "utm_content" VARCHAR(255);
Executing (default): ALTER TABLE "WaitingLists" ADD COLUMN IF NOT EXISTS "utm_content" VARCHAR(255);
🛠️ [DB FIX] Injetando coluna hasSeenWelcome na tabela Psychologists...
Executing (default): ALTER TABLE "Psychologists" ADD COLUMN IF NOT EXISTS "hasSeenWelcome" BOOLEAN DEFAULT false;
🛠️ [DB FIX] Injetando coluna evaluationEmailSent na tabela Psychologists...
Executing (default): ALTER TABLE "Psychologists" ADD COLUMN IF NOT EXISTS "evaluationEmailSent" BOOLEAN DEFAULT false;
Executing (default): ALTER TABLE "Psychologists" ADD COLUMN IF NOT EXISTS "msg_paid_churn_sent_at" TIMESTAMP WITH TIME ZONE NULL;
🛠️ [DB FIX] Injetando colunas faltantes na tabela Questions...
Executing (default): SELECT table_name FROM information_schema.tables WHERE table_schema = 'public' AND table_name = 'questions'
Executing (default): SELECT t.typname enum_name, array_agg(e.enumlabel ORDER BY enumsortorder) enum_value FROM pg_type t JOIN pg_enum e ON t.oid = e.enumtypid JOIN pg_catalog.pg_namespace n ON n.oid = t.typnamespace WHERE n.nspname = 'public' AND t.typname='enum_questions_status' GROUP BY 1
Executing (default): SELECT i.relname AS name, ix.indisprimary AS primary, ix.indisunique AS unique, ix.indkey AS indkey, array_agg(a.attnum) as column_indexes, array_agg(a.attname) AS column_names, pg_get_indexdef(ix.indexrelid) AS definition FROM pg_class t, pg_class i, pg_index ix, pg_attribute a WHERE t.oid = ix.indrelid AND i.oid = ix.indexrelid AND a.attrelid = t.oid AND t.relkind = 'r' and t.relname = 'questions' GROUP BY i.relname, ix.indexrelid, ix.indisprimary, ix.indisunique, ix.indkey ORDER BY i.relname;
Executing (default): SELECT table_name FROM information_schema.tables WHERE table_schema = 'public' AND table_name = 'answers'
Executing (default): SELECT i.relname AS name, ix.indisprimary AS primary, ix.indisunique AS unique, ix.indkey AS indkey, array_agg(a.attnum) as column_indexes, array_agg(a.attname) AS column_names, pg_get_indexdef(ix.indexrelid) AS definition FROM pg_class t, pg_class i, pg_index ix, pg_attribute a WHERE t.oid = ix.indrelid AND i.oid = ix.indexrelid AND a.attrelid = t.oid AND t.relkind = 'r' and t.relname = 'answers' GROUP BY i.relname, ix.indexrelid, ix.indisprimary, ix.indisunique, ix.indkey ORDER BY i.relname;
Executing (default): SELECT table_name FROM information_schema.tables WHERE table_schema = 'public' AND table_name = 'QuestionIgnores'
Executing (default): SELECT i.relname AS name, ix.indisprimary AS primary, ix.indisunique AS unique, ix.indkey AS indkey, array_agg(a.attnum) as column_indexes, array_agg(a.attname) AS column_names, pg_get_indexdef(ix.indexrelid) AS definition FROM pg_class t, pg_class i, pg_index ix, pg_attribute a WHERE t.oid = ix.indrelid AND i.oid = ix.indexrelid AND a.attrelid = t.oid AND t.relkind = 'r' and t.relname = 'QuestionIgnores' GROUP BY i.relname, ix.indexrelid, ix.indisprimary, ix.indisunique, ix.indkey ORDER BY i.relname;
Executing (default): SELECT table_name FROM information_schema.tables WHERE table_schema = 'public' AND table_name = 'WhatsAppClickLogs'
Executing (default): SELECT pk.constraint_type as "Constraint",c.column_name as "Field", c.column_default as "Default",c.is_nullable as "Null", (CASE WHEN c.udt_name = 'hstore' THEN c.udt_name ELSE c.data_type END) || (CASE WHEN c.character_maximum_length IS NOT NULL THEN '(' || c.character_maximum_length || ')' ELSE '' END) as "Type", (SELECT array_agg(e.enumlabel) FROM pg_catalog.pg_type t JOIN pg_catalog.pg_enum e ON t.oid=e.enumtypid WHERE t.typname=c.udt_name) AS "special", (SELECT pgd.description FROM pg_catalog.pg_statio_all_tables AS st INNER JOIN pg_catalog.pg_description pgd on (pgd.objoid=st.relid) WHERE c.ordinal_position=pgd.objsubid AND c.table_name=st.relname) AS "Comment" FROM information_schema.columns c LEFT JOIN (SELECT tc.table_schema, tc.table_name, cu.column_name, tc.constraint_type FROM information_schema.TABLE_CONSTRAINTS tc JOIN information_schema.KEY_COLUMN_USAGE  cu ON tc.table_schema=cu.table_schema and tc.table_name=cu.table_name and tc.constraint_name=cu.constraint_name and tc.constraint_type='PRIMARY KEY') pk ON pk.table_schema=c.table_schema AND pk.table_name=c.table_name AND pk.column_name=c.column_name WHERE c.table_name = 'WhatsAppClickLogs' AND c.table_schema = 'public'
Executing (default): SELECT DISTINCT tc.constraint_name as constraint_name, tc.constraint_schema as constraint_schema, tc.constraint_catalog as constraint_catalog, tc.table_name as table_name,tc.table_schema as table_schema,tc.table_catalog as table_catalog,tc.initially_deferred as initially_deferred,tc.is_deferrable as is_deferrable,kcu.column_name as column_name,ccu.table_schema  AS referenced_table_schema,ccu.table_catalog  AS referenced_table_catalog,ccu.table_name  AS referenced_table_name,ccu.column_name AS referenced_column_name FROM information_schema.table_constraints AS tc JOIN information_schema.key_column_usage AS kcu ON tc.constraint_name = kcu.constraint_name JOIN information_schema.constraint_column_usage AS ccu ON ccu.constraint_name = tc.constraint_name WHERE constraint_type = 'FOREIGN KEY' AND tc.table_name = 'WhatsAppClickLogs' AND tc.table_catalog = 'girassol_db'
Executing (default): ALTER TABLE "WhatsAppClickLogs" ALTER COLUMN "adminWppReminderSentAt" DROP NOT NULL;ALTER TABLE "WhatsAppClickLogs" ALTER COLUMN "adminWppReminderSentAt" DROP DEFAULT;ALTER TABLE "WhatsAppClickLogs" ALTER COLUMN "adminWppReminderSentAt" TYPE TIMESTAMP WITH TIME ZONE;
Executing (default): ALTER TABLE "WhatsAppClickLogs" ALTER COLUMN "utmSource" DROP NOT NULL;ALTER TABLE "WhatsAppClickLogs" ALTER COLUMN "utmSource" DROP DEFAULT;ALTER TABLE "WhatsAppClickLogs" ALTER COLUMN "utmSource" TYPE VARCHAR(255);
Executing (default): ALTER TABLE "WhatsAppClickLogs" DROP CONSTRAINT "WhatsAppClickLogs_psychologistId_fkey"
Executing (default): ALTER TABLE "WhatsAppClickLogs" ALTER COLUMN "psychologistId" SET NOT NULL;ALTER TABLE "WhatsAppClickLogs"  ADD FOREIGN KEY ("psychologistId") REFERENCES "Psychologists" ("id") ON DELETE NO ACTION ON UPDATE CASCADE;
Executing (default): ALTER TABLE "WhatsAppClickLogs" ALTER COLUMN "source" DROP NOT NULL;ALTER TABLE "WhatsAppClickLogs" ALTER COLUMN "source" DROP DEFAULT;ALTER TABLE "WhatsAppClickLogs" ALTER COLUMN "source" TYPE VARCHAR(255);
Executing (default): ALTER TABLE "WhatsAppClickLogs" ALTER COLUMN "dealClosed" DROP NOT NULL;ALTER TABLE "WhatsAppClickLogs" ALTER COLUMN "dealClosed" DROP DEFAULT;ALTER TABLE "WhatsAppClickLogs" ALTER COLUMN "dealClosed" TYPE VARCHAR(255);
Executing (default): ALTER TABLE "WhatsAppClickLogs" ALTER COLUMN "message_sent_at" DROP NOT NULL;ALTER TABLE "WhatsAppClickLogs" ALTER COLUMN "message_sent_at" DROP DEFAULT;ALTER TABLE "WhatsAppClickLogs" ALTER COLUMN "message_sent_at" TYPE TIMESTAMP WITH TIME ZONE;
Executing (default): ALTER TABLE "WhatsAppClickLogs" ALTER COLUMN "adminWppReminderCount" DROP NOT NULL;ALTER TABLE "WhatsAppClickLogs" ALTER COLUMN "adminWppReminderCount" SET DEFAULT 0;ALTER TABLE "WhatsAppClickLogs" ALTER COLUMN "adminWppReminderCount" TYPE INTEGER;
Executing (default): ALTER TABLE "WhatsAppClickLogs" ALTER COLUMN "feedbackGiven" DROP NOT NULL;ALTER TABLE "WhatsAppClickLogs" ALTER COLUMN "feedbackGiven" SET DEFAULT false;ALTER TABLE "WhatsAppClickLogs" ALTER COLUMN "feedbackGiven" TYPE BOOLEAN;
Executing (default): ALTER TABLE "WhatsAppClickLogs" ALTER COLUMN "status" DROP NOT NULL;ALTER TABLE "WhatsAppClickLogs" ALTER COLUMN "status" SET DEFAULT 'pending';ALTER TABLE "WhatsAppClickLogs" ALTER COLUMN "status" TYPE VARCHAR(255);
Executing (default): ALTER TABLE "WhatsAppClickLogs" ALTER COLUMN "reminderEmailSent" DROP NOT NULL;ALTER TABLE "WhatsAppClickLogs" ALTER COLUMN "reminderEmailSent" SET DEFAULT false;ALTER TABLE "WhatsAppClickLogs" ALTER COLUMN "reminderEmailSent" TYPE BOOLEAN;
Executing (default): ALTER TABLE "WhatsAppClickLogs" ALTER COLUMN "updatedAt" SET NOT NULL;ALTER TABLE "WhatsAppClickLogs" ALTER COLUMN "updatedAt" DROP DEFAULT;ALTER TABLE "WhatsAppClickLogs" ALTER COLUMN "updatedAt" TYPE TIMESTAMP WITH TIME ZONE;
Executing (default): ALTER TABLE "WhatsAppClickLogs" ALTER COLUMN "patientId" DROP NOT NULL;ALTER TABLE "WhatsAppClickLogs" ALTER COLUMN "patientId" DROP DEFAULT;ALTER TABLE "WhatsAppClickLogs" ALTER COLUMN "patientId" TYPE INTEGER;
Executing (default): ALTER TABLE "WhatsAppClickLogs" ALTER COLUMN "contactReceived" DROP NOT NULL;ALTER TABLE "WhatsAppClickLogs" ALTER COLUMN "contactReceived" DROP DEFAULT;ALTER TABLE "WhatsAppClickLogs" ALTER COLUMN "contactReceived" TYPE BOOLEAN;
Executing (default): ALTER TABLE "WhatsAppClickLogs" ALTER COLUMN "createdAt" SET NOT NULL;ALTER TABLE "WhatsAppClickLogs" ALTER COLUMN "createdAt" DROP DEFAULT;ALTER TABLE "WhatsAppClickLogs" ALTER COLUMN "createdAt" TYPE TIMESTAMP WITH TIME ZONE;
Executing (default): ALTER TABLE "WhatsAppClickLogs" ALTER COLUMN "feedbackToken" DROP NOT NULL;ALTER TABLE "WhatsAppClickLogs" ALTER COLUMN "feedbackToken" DROP DEFAULT;ALTER TABLE "WhatsAppClickLogs" ALTER COLUMN "feedbackToken" TYPE UUID;
Executing (default): ALTER TABLE "WhatsAppClickLogs" ALTER COLUMN "guestName" DROP NOT NULL;ALTER TABLE "WhatsAppClickLogs" ALTER COLUMN "guestName" SET DEFAULT 'Visitante';ALTER TABLE "WhatsAppClickLogs" ALTER COLUMN "guestName" TYPE VARCHAR(255);
Executing (default): ALTER TABLE "WhatsAppClickLogs" ALTER COLUMN "guestPhone" DROP NOT NULL;ALTER TABLE "WhatsAppClickLogs" ALTER COLUMN "guestPhone" DROP DEFAULT;ALTER TABLE "WhatsAppClickLogs" ALTER COLUMN "guestPhone" TYPE VARCHAR(255);
Executing (default): SELECT i.relname AS name, ix.indisprimary AS primary, ix.indisunique AS unique, ix.indkey AS indkey, array_agg(a.attnum) as column_indexes, array_agg(a.attname) AS column_names, pg_get_indexdef(ix.indexrelid) AS definition FROM pg_class t, pg_class i, pg_index ix, pg_attribute a WHERE t.oid = ix.indrelid AND i.oid = ix.indexrelid AND a.attrelid = t.oid AND t.relkind = 'r' and t.relname = 'WhatsAppClickLogs' GROUP BY i.relname, ix.indexrelid, ix.indisprimary, ix.indisunique, ix.indkey ORDER BY i.relname;
Executing (default): SELECT table_name FROM information_schema.tables WHERE table_schema = 'public' AND table_name = 'WeeklyEfficiencies'
Executing (default): SELECT pk.constraint_type as "Constraint",c.column_name as "Field", c.column_default as "Default",c.is_nullable as "Null", (CASE WHEN c.udt_name = 'hstore' THEN c.udt_name ELSE c.data_type END) || (CASE WHEN c.character_maximum_length IS NOT NULL THEN '(' || c.character_maximum_length || ')' ELSE '' END) as "Type", (SELECT array_agg(e.enumlabel) FROM pg_catalog.pg_type t JOIN pg_catalog.pg_enum e ON t.oid=e.enumtypid WHERE t.typname=c.udt_name) AS "special", (SELECT pgd.description FROM pg_catalog.pg_statio_all_tables AS st INNER JOIN pg_catalog.pg_description pgd on (pgd.objoid=st.relid) WHERE c.ordinal_position=pgd.objsubid AND c.table_name=st.relname) AS "Comment" FROM information_schema.columns c LEFT JOIN (SELECT tc.table_schema, tc.table_name, cu.column_name, tc.constraint_type FROM information_schema.TABLE_CONSTRAINTS tc JOIN information_schema.KEY_COLUMN_USAGE  cu ON tc.table_schema=cu.table_schema and tc.table_name=cu.table_name and tc.constraint_name=cu.constraint_name and tc.constraint_type='PRIMARY KEY') pk ON pk.table_schema=c.table_schema AND pk.table_name=c.table_name AND pk.column_name=c.column_name WHERE c.table_name = 'WeeklyEfficiencies' AND c.table_schema = 'public'
Executing (default): SELECT DISTINCT tc.constraint_name as constraint_name, tc.constraint_schema as constraint_schema, tc.constraint_catalog as constraint_catalog, tc.table_name as table_name,tc.table_schema as table_schema,tc.table_catalog as table_catalog,tc.initially_deferred as initially_deferred,tc.is_deferrable as is_deferrable,kcu.column_name as column_name,ccu.table_schema  AS referenced_table_schema,ccu.table_catalog  AS referenced_table_catalog,ccu.table_name  AS referenced_table_name,ccu.column_name AS referenced_column_name FROM information_schema.table_constraints AS tc JOIN information_schema.key_column_usage AS kcu ON tc.constraint_name = kcu.constraint_name JOIN information_schema.constraint_column_usage AS ccu ON ccu.constraint_name = tc.constraint_name WHERE constraint_type = 'FOREIGN KEY' AND tc.table_name = 'WeeklyEfficiencies' AND tc.table_catalog = 'girassol_db'
Executing (default): ALTER TABLE "WeeklyEfficiencies" ALTER COLUMN "week_start" SET NOT NULL;ALTER TABLE "WeeklyEfficiencies" ALTER COLUMN "week_start" DROP DEFAULT;ALTER TABLE "WeeklyEfficiencies"  ADD UNIQUE ("week_start");ALTER TABLE "WeeklyEfficiencies" ALTER COLUMN "week_start" TYPE DATE  ;
Executing (default): ALTER TABLE "WeeklyEfficiencies" ALTER COLUMN "novos_trials" DROP NOT NULL;ALTER TABLE "WeeklyEfficiencies" ALTER COLUMN "novos_trials" SET DEFAULT 0;ALTER TABLE "WeeklyEfficiencies" ALTER COLUMN "novos_trials" TYPE INTEGER;
Executing (default): ALTER TABLE "WeeklyEfficiencies" ALTER COLUMN "cpl" DROP NOT NULL;ALTER TABLE "WeeklyEfficiencies" ALTER COLUMN "cpl" SET DEFAULT 0;ALTER TABLE "WeeklyEfficiencies" ALTER COLUMN "cpl" TYPE DECIMAL(10,2);
Executing (default): ALTER TABLE "WeeklyEfficiencies" ALTER COLUMN "createdAt" SET NOT NULL;ALTER TABLE "WeeklyEfficiencies" ALTER COLUMN "createdAt" DROP DEFAULT;ALTER TABLE "WeeklyEfficiencies" ALTER COLUMN "createdAt" TYPE TIMESTAMP WITH TIME ZONE;
Executing (default): ALTER TABLE "WeeklyEfficiencies" ALTER COLUMN "organic_pagantes" DROP NOT NULL;ALTER TABLE "WeeklyEfficiencies" ALTER COLUMN "organic_pagantes" SET DEFAULT 0;ALTER TABLE "WeeklyEfficiencies" ALTER COLUMN "organic_pagantes" TYPE INTEGER;
Executing (default): ALTER TABLE "WeeklyEfficiencies" ALTER COLUMN "google_pagantes" DROP NOT NULL;ALTER TABLE "WeeklyEfficiencies" ALTER COLUMN "google_pagantes" SET DEFAULT 0;ALTER TABLE "WeeklyEfficiencies" ALTER COLUMN "google_pagantes" TYPE INTEGER;
Executing (default): ALTER TABLE "WeeklyEfficiencies" ALTER COLUMN "novos_pagantes" DROP NOT NULL;ALTER TABLE "WeeklyEfficiencies" ALTER COLUMN "novos_pagantes" SET DEFAULT 0;ALTER TABLE "WeeklyEfficiencies" ALTER COLUMN "novos_pagantes" TYPE INTEGER;
Executing (default): ALTER TABLE "WeeklyEfficiencies" ALTER COLUMN "organic_trials" DROP NOT NULL;ALTER TABLE "WeeklyEfficiencies" ALTER COLUMN "organic_trials" SET DEFAULT 0;ALTER TABLE "WeeklyEfficiencies" ALTER COLUMN "organic_trials" TYPE INTEGER;
Executing (default): ALTER TABLE "WeeklyEfficiencies" ALTER COLUMN "meta_clicks" DROP NOT NULL;ALTER TABLE "WeeklyEfficiencies" ALTER COLUMN "meta_clicks" SET DEFAULT 0;ALTER TABLE "WeeklyEfficiencies" ALTER COLUMN "meta_clicks" TYPE INTEGER;
Executing (default): ALTER TABLE "WeeklyEfficiencies" ALTER COLUMN "cac" DROP NOT NULL;ALTER TABLE "WeeklyEfficiencies" ALTER COLUMN "cac" SET DEFAULT 0;ALTER TABLE "WeeklyEfficiencies" ALTER COLUMN "cac" TYPE DECIMAL(10,2);
Executing (default): ALTER TABLE "WeeklyEfficiencies" ALTER COLUMN "google_ads" DROP NOT NULL;ALTER TABLE "WeeklyEfficiencies" ALTER COLUMN "google_ads" SET DEFAULT 0;ALTER TABLE "WeeklyEfficiencies" ALTER COLUMN "google_ads" TYPE DECIMAL(10,2);
Executing (default): ALTER TABLE "WeeklyEfficiencies" ALTER COLUMN "google_trials" DROP NOT NULL;ALTER TABLE "WeeklyEfficiencies" ALTER COLUMN "google_trials" SET DEFAULT 0;ALTER TABLE "WeeklyEfficiencies" ALTER COLUMN "google_trials" TYPE INTEGER;
Executing (default): ALTER TABLE "WeeklyEfficiencies" ALTER COLUMN "google_impressions" DROP NOT NULL;ALTER TABLE "WeeklyEfficiencies" ALTER COLUMN "google_impressions" SET DEFAULT 0;ALTER TABLE "WeeklyEfficiencies" ALTER COLUMN "google_impressions" TYPE INTEGER;
Executing (default): ALTER TABLE "WeeklyEfficiencies" ALTER COLUMN "meta_impressions" DROP NOT NULL;ALTER TABLE "WeeklyEfficiencies" ALTER COLUMN "meta_impressions" SET DEFAULT 0;ALTER TABLE "WeeklyEfficiencies" ALTER COLUMN "meta_impressions" TYPE INTEGER;
Executing (default): ALTER TABLE "WeeklyEfficiencies" ALTER COLUMN "meta_trials" DROP NOT NULL;ALTER TABLE "WeeklyEfficiencies" ALTER COLUMN "meta_trials" SET DEFAULT 0;ALTER TABLE "WeeklyEfficiencies" ALTER COLUMN "meta_trials" TYPE INTEGER;
Executing (default): ALTER TABLE "WeeklyEfficiencies" ALTER COLUMN "meta_pagantes" DROP NOT NULL;ALTER TABLE "WeeklyEfficiencies" ALTER COLUMN "meta_pagantes" SET DEFAULT 0;ALTER TABLE "WeeklyEfficiencies" ALTER COLUMN "meta_pagantes" TYPE INTEGER;
Executing (default): ALTER TABLE "WeeklyEfficiencies" ALTER COLUMN "google_clicks" DROP NOT NULL;ALTER TABLE "WeeklyEfficiencies" ALTER COLUMN "google_clicks" SET DEFAULT 0;ALTER TABLE "WeeklyEfficiencies" ALTER COLUMN "google_clicks" TYPE INTEGER;
Executing (default): ALTER TABLE "WeeklyEfficiencies" ALTER COLUMN "updatedAt" SET NOT NULL;ALTER TABLE "WeeklyEfficiencies" ALTER COLUMN "updatedAt" DROP DEFAULT;ALTER TABLE "WeeklyEfficiencies" ALTER COLUMN "updatedAt" TYPE TIMESTAMP WITH TIME ZONE;
Executing (default): ALTER TABLE "WeeklyEfficiencies" ALTER COLUMN "meta_ads" DROP NOT NULL;ALTER TABLE "WeeklyEfficiencies" ALTER COLUMN "meta_ads" SET DEFAULT 0;ALTER TABLE "WeeklyEfficiencies" ALTER COLUMN "meta_ads" TYPE DECIMAL(10,2);
Executing (default): SELECT i.relname AS name, ix.indisprimary AS primary, ix.indisunique AS unique, ix.indkey AS indkey, array_agg(a.attnum) as column_indexes, array_agg(a.attname) AS column_names, pg_get_indexdef(ix.indexrelid) AS definition FROM pg_class t, pg_class i, pg_index ix, pg_attribute a WHERE t.oid = ix.indrelid AND i.oid = ix.indexrelid AND a.attrelid = t.oid AND t.relkind = 'r' and t.relname = 'WeeklyEfficiencies' GROUP BY i.relname, ix.indexrelid, ix.indisprimary, ix.indisunique, ix.indkey ORDER BY i.relname;
Executing (default): SELECT table_name FROM information_schema.tables WHERE table_schema = 'public' AND table_name = 'YeloExpenses'
Executing (default): SELECT pk.constraint_type as "Constraint",c.column_name as "Field", c.column_default as "Default",c.is_nullable as "Null", (CASE WHEN c.udt_name = 'hstore' THEN c.udt_name ELSE c.data_type END) || (CASE WHEN c.character_maximum_length IS NOT NULL THEN '(' || c.character_maximum_length || ')' ELSE '' END) as "Type", (SELECT array_agg(e.enumlabel) FROM pg_catalog.pg_type t JOIN pg_catalog.pg_enum e ON t.oid=e.enumtypid WHERE t.typname=c.udt_name) AS "special", (SELECT pgd.description FROM pg_catalog.pg_statio_all_tables AS st INNER JOIN pg_catalog.pg_description pgd on (pgd.objoid=st.relid) WHERE c.ordinal_position=pgd.objsubid AND c.table_name=st.relname) AS "Comment" FROM information_schema.columns c LEFT JOIN (SELECT tc.table_schema, tc.table_name, cu.column_name, tc.constraint_type FROM information_schema.TABLE_CONSTRAINTS tc JOIN information_schema.KEY_COLUMN_USAGE  cu ON tc.table_schema=cu.table_schema and tc.table_name=cu.table_name and tc.constraint_name=cu.constraint_name and tc.constraint_type='PRIMARY KEY') pk ON pk.table_schema=c.table_schema AND pk.table_name=c.table_name AND pk.column_name=c.column_name WHERE c.table_name = 'YeloExpenses' AND c.table_schema = 'public'
Executing (default): SELECT DISTINCT tc.constraint_name as constraint_name, tc.constraint_schema as constraint_schema, tc.constraint_catalog as constraint_catalog, tc.table_name as table_name,tc.table_schema as table_schema,tc.table_catalog as table_catalog,tc.initially_deferred as initially_deferred,tc.is_deferrable as is_deferrable,kcu.column_name as column_name,ccu.table_schema  AS referenced_table_schema,ccu.table_catalog  AS referenced_table_catalog,ccu.table_name  AS referenced_table_name,ccu.column_name AS referenced_column_name FROM information_schema.table_constraints AS tc JOIN information_schema.key_column_usage AS kcu ON tc.constraint_name = kcu.constraint_name JOIN information_schema.constraint_column_usage AS ccu ON ccu.constraint_name = tc.constraint_name WHERE constraint_type = 'FOREIGN KEY' AND tc.table_name = 'YeloExpenses' AND tc.table_catalog = 'girassol_db'
Executing (default): ALTER TABLE "YeloExpenses" ALTER COLUMN "amount" SET NOT NULL;ALTER TABLE "YeloExpenses" ALTER COLUMN "amount" DROP DEFAULT;ALTER TABLE "YeloExpenses" ALTER COLUMN "amount" TYPE FLOAT;
Executing (default): ALTER TABLE "YeloExpenses" ALTER COLUMN "updatedAt" SET NOT NULL;ALTER TABLE "YeloExpenses" ALTER COLUMN "updatedAt" DROP DEFAULT;ALTER TABLE "YeloExpenses" ALTER COLUMN "updatedAt" TYPE TIMESTAMP WITH TIME ZONE;
Executing (default): ALTER TABLE "YeloExpenses" ALTER COLUMN "createdAt" SET NOT NULL;ALTER TABLE "YeloExpenses" ALTER COLUMN "createdAt" DROP DEFAULT;ALTER TABLE "YeloExpenses" ALTER COLUMN "createdAt" TYPE TIMESTAMP WITH TIME ZONE;
Executing (default): ALTER TABLE "YeloExpenses" ALTER COLUMN "name" SET NOT NULL;ALTER TABLE "YeloExpenses" ALTER COLUMN "name" DROP DEFAULT;ALTER TABLE "YeloExpenses" ALTER COLUMN "name" TYPE VARCHAR(255);
Executing (default): ALTER TABLE "YeloExpenses" ALTER COLUMN "category" SET NOT NULL;ALTER TABLE "YeloExpenses" ALTER COLUMN "category" SET DEFAULT 'Outros';ALTER TABLE "YeloExpenses" ALTER COLUMN "category" TYPE VARCHAR(255);
Executing (default): ALTER TABLE "YeloExpenses" ALTER COLUMN "monthYear" SET NOT NULL;ALTER TABLE "YeloExpenses" ALTER COLUMN "monthYear" DROP DEFAULT;ALTER TABLE "YeloExpenses" ALTER COLUMN "monthYear" TYPE VARCHAR(255);
Executing (default): SELECT i.relname AS name, ix.indisprimary AS primary, ix.indisunique AS unique, ix.indkey AS indkey, array_agg(a.attnum) as column_indexes, array_agg(a.attname) AS column_names, pg_get_indexdef(ix.indexrelid) AS definition FROM pg_class t, pg_class i, pg_index ix, pg_attribute a WHERE t.oid = ix.indrelid AND i.oid = ix.indexrelid AND a.attrelid = t.oid AND t.relkind = 'r' and t.relname = 'YeloExpenses' GROUP BY i.relname, ix.indexrelid, ix.indisprimary, ix.indisunique, ix.indkey ORDER BY i.relname;
Executing (default): ALTER TABLE questions ADD COLUMN IF NOT EXISTS title VARCHAR(255);
Executing (default): ALTER TABLE questions ADD COLUMN IF NOT EXISTS slug VARCHAR(255) UNIQUE;
🛠️ Verificando e aplicando correções estruturais (Modelos/Associações)...
🔧 [DB SYNC] Verificando e aplicando correções de schema... (Pode demorar na primeira vez)
Executing (default): SELECT column_name, data_type FROM information_schema.columns WHERE table_name = 'Psychologists';
Executing (default): SELECT pk.constraint_type as "Constraint",c.column_name as "Field", c.column_default as "Default",c.is_nullable as "Null", (CASE WHEN c.udt_name = 'hstore' THEN c.udt_name ELSE c.data_type END) || (CASE WHEN c.character_maximum_length IS NOT NULL THEN '(' || c.character_maximum_length || ')' ELSE '' END) as "Type", (SELECT array_agg(e.enumlabel) FROM pg_catalog.pg_type t JOIN pg_catalog.pg_enum e ON t.oid=e.enumtypid WHERE t.typname=c.udt_name) AS "special", (SELECT pgd.description FROM pg_catalog.pg_statio_all_tables AS st INNER JOIN pg_catalog.pg_description pgd on (pgd.objoid=st.relid) WHERE c.ordinal_position=pgd.objsubid AND c.table_name=st.relname) AS "Comment" FROM information_schema.columns c LEFT JOIN (SELECT tc.table_schema, tc.table_name, cu.column_name, tc.constraint_type FROM information_schema.TABLE_CONSTRAINTS tc JOIN information_schema.KEY_COLUMN_USAGE  cu ON tc.table_schema=cu.table_schema and tc.table_name=cu.table_name and tc.constraint_name=cu.constraint_name and tc.constraint_type='PRIMARY KEY') pk ON pk.table_schema=c.table_schema AND pk.table_name=c.table_name AND pk.column_name=c.column_name WHERE c.table_name = 'Patients' AND c.table_schema = 'public'
Executing (default): SELECT pk.constraint_type as "Constraint",c.column_name as "Field", c.column_default as "Default",c.is_nullable as "Null", (CASE WHEN c.udt_name = 'hstore' THEN c.udt_name ELSE c.data_type END) || (CASE WHEN c.character_maximum_length IS NOT NULL THEN '(' || c.character_maximum_length || ')' ELSE '' END) as "Type", (SELECT array_agg(e.enumlabel) FROM pg_catalog.pg_type t JOIN pg_catalog.pg_enum e ON t.oid=e.enumtypid WHERE t.typname=c.udt_name) AS "special", (SELECT pgd.description FROM pg_catalog.pg_statio_all_tables AS st INNER JOIN pg_catalog.pg_description pgd on (pgd.objoid=st.relid) WHERE c.ordinal_position=pgd.objsubid AND c.table_name=st.relname) AS "Comment" FROM information_schema.columns c LEFT JOIN (SELECT tc.table_schema, tc.table_name, cu.column_name, tc.constraint_type FROM information_schema.TABLE_CONSTRAINTS tc JOIN information_schema.KEY_COLUMN_USAGE  cu ON tc.table_schema=cu.table_schema and tc.table_name=cu.table_name and tc.constraint_name=cu.constraint_name and tc.constraint_type='PRIMARY KEY') pk ON pk.table_schema=c.table_schema AND pk.table_name=c.table_name AND pk.column_name=c.column_name WHERE c.table_name = 'Psychologists' AND c.table_schema = 'public'
✅ [DB SYNC] Correções de schema aplicadas com sucesso.
✅ [SERVER] Sistema totalmente operacional.
⏰ [CRON] Inicializando agendadores de tarefas...
Scheduler iniciado. Aguardando tarefas agendadas...
✅ [CRON] Scheduler externo ativado (Remarketing rodará às 10h).
